uv : INFO  [alembic.runtime.migration] Context impl PostgresqlImpl.
At C:\Users\dhruv\Projects\DHRUVA\scripts\canonical_validation.ps1:451 char:9
+         uv run alembic revision --autogenerate -m "drift check" --rev ...
+         ~~~~~~~~~~~~~~~~~~~~~~~~~~~~~~~~~~~~~~~~~~~~~~~~~~~~~~~~~~~~~
    + CategoryInfo          : NotSpecified: (INFO  [alembic....PostgresqlImpl.:String) [], RemoteException
    + FullyQualifiedErrorId : NativeCommandError
 
INFO  [alembic.runtime.migration] Will assume transactional DDL.
INFO  [alembic.ddl.postgresql] Detected sequence named 'outbox_sequence_seq' as owned by integer column 
'outbox(sequence)', assuming SERIAL and omitting
INFO  [alembic.autogenerate.compare] Detected server default on column 'daily_snapshot.version'
INFO  [alembic.autogenerate.compare] Detected server default on column 'outbox.attempts'
Generating C:\Users\dhruv\Projects\DHRUVA\backend\alembic\versions\20260729_1421_drift_check.py ...  done
Running post write hook 'ruff_format' ...
ERROR [alembic.util.messaging] Could not find entrypoint console_scripts.ruff
  FAILED
FAILED: Could not find entrypoint console_scripts.ruff
exit_code: -1
--- generated migration body: SCHEMA DRIFT DETECTED ---
"""drift check

Revision ID: drift_check
Revises: 0001_initial
Created: 2026-07-29 14:21:55.178087+00:00

Reversibility: REPLACE -- one of: reversible | conditionally reversible | irreversible
Rollback procedure: REPLACE -- exact steps, or why none exists
Irreversible operations: REPLACE -- name them, or "none"
Expected runtime: REPLACE -- order of magnitude at production volume
Operational impact: REPLACE -- locks taken, whether writes block, maintenance window needed
"""

from __future__ import annotations

from collections.abc import Sequence

import sqlalchemy as sa
from alembic import op

revision: str = 'drift_check'
down_revision: str | None = '0001_initial'
branch_labels: str | Sequence[str] | None = None
depends_on: str | Sequence[str] | None = None


def upgrade() -> None:
    """Apply the migration."""
    # ### commands auto generated by Alembic - please adjust! ###
    op.alter_column('daily_snapshot', 'version',
               existing_type=sa.INTEGER(),
               server_default=None,
               existing_nullable=False)
    op.alter_column('outbox', 'attempts',
               existing_type=sa.INTEGER(),
               server_default=None,
               existing_nullable=False)
    # ### end Alembic commands ###


def downgrade() -> None:
    """Reverse the migration.

    If genuinely irreversible, raise with the reason rather than leaving this
    empty -- an empty downgrade silently claims reversibility it does not have.
    """
    # ### commands auto generated by Alembic - please adjust! ###
    op.alter_column('outbox', 'attempts',
               existing_type=sa.INTEGER(),
               server_default=sa.text('0'),
               existing_nullable=False)
    op.alter_column('daily_snapshot', 'version',
               existing_type=sa.INTEGER(),
               server_default=sa.text('1'),
               existing_nullable=False)
    # ### end Alembic commands ###
