============================= test session starts =============================
collecting ... collected 3500 items / 3471 deselected / 29 selected

tests/benchmarks/test_budgets.py::test_settings_load_is_within_budget PASSED
tests/benchmarks/test_budgets.py::test_context_bind_is_within_budget PASSED
tests/benchmarks/test_budgets.py::test_log_emission_is_within_budget PASSED
tests/benchmarks/test_budgets.py::test_redaction_overhead_is_within_budget PASSED
tests/benchmarks/test_budgets.py::test_metrics_render_is_within_budget PASSED
tests/benchmarks/test_budgets.py::test_readiness_evaluation_is_within_budget PASSED
tests/benchmarks/test_persistence_layers.py::test_orm_object_construction_is_within_budget PASSED
tests/benchmarks/test_persistence_layers.py::test_domain_to_record_is_within_budget PASSED
tests/benchmarks/test_persistence_layers.py::test_record_to_domain_is_within_budget PASSED
tests/benchmarks/test_persistence_layers.py::test_model_to_record_is_within_budget PASSED
tests/benchmarks/test_persistence_layers.py::test_the_full_read_mapping_chain_is_bounded PASSED
INFO  [alembic.runtime.migration] Context impl PostgresqlImpl.
INFO  [alembic.runtime.migration] Will assume transactional DDL.
INFO  [alembic.runtime.migration] Running upgrade  -> 0001_initial, Initial schema: the worked example table and the transactional outbox.
INFO  [alembic.runtime.migration] Running upgrade 0001_initial -> 0002_example_tick, The append-only timeseries worked example (ADR-054).
INFO  [alembic.runtime.migration] Running upgrade 0002_example_tick -> 0003_outbox_envelope, Complete the ADR-002 envelope on the outbox table.
INFO  [alembic.runtime.migration] Running upgrade 0003_outbox_envelope -> 0004_outbox_lease, Lease and dead-letter columns for the outbox relay.
INFO  [alembic.runtime.migration] Running upgrade 0004_outbox_lease -> 0005_outbox_aggregate_type, Store the aggregate type on the outbox.
INFO  [alembic.runtime.migration] Running upgrade 0005_outbox_aggregate_type -> 0006_processed_event, The consumer idempotency ledger.
INFO  [alembic.runtime.migration] Running upgrade 0006_processed_event -> 0007_credential, The encrypted broker credential store.
INFO  [alembic.runtime.migration] Running upgrade 0007_credential -> 0008_audit_log, The append-only audit log, with mutation refused by the database.
INFO  [alembic.runtime.migration] Running upgrade 0008_audit_log -> 0009_refresh_token, Refresh tokens, stored as hashes and rotated on every use.
INFO  [alembic.runtime.migration] Running upgrade 0009_refresh_token -> 0010_principal, The authenticating principal: who logs in, and what proves it.
INFO  [alembic.runtime.migration] Running upgrade 0010_principal -> 0011_authorisation, Roles, the permissions they grant, and which principal holds which (ADR-073).
INFO  [alembic.runtime.migration] Running upgrade 0011_authorisation -> 0012_rls_scaffolding, Complete the permissive row-level-security scaffolding.
INFO  [alembic.runtime.migration] Running upgrade 0012_rls_scaffolding -> 0013_reference_watchlist, Add effective-dated instruments and the shared watchlist.
INFO  [alembic.runtime.migration] Running upgrade 0013_reference_watchlist -> 0014_instrument_archive, Archive daily instrument masters and resolved provider mappings.
INFO  [alembic.runtime.migration] Running upgrade 0014_instrument_archive -> 0015_daily_market_bars, Add point-in-time daily OHLCV revisions.
INFO  [alembic.runtime.migration] Running upgrade 0015_daily_market_bars -> 0016_news_archive, Add the append-only point-in-time news archive.
INFO  [alembic.runtime.migration] Running upgrade 0016_news_archive -> 0017_credential_purpose, Distinguish credential purposes so one broker can hold two secret lifecycles.
INFO  [alembic.runtime.migration] Running upgrade 0017_credential_purpose -> 0018_research_observation, Add the append-only research-attention observation ledger.
INFO  [alembic.runtime.migration] Running upgrade 0018_research_observation -> 0019_candidate_ranking, Add append-only experimental candidate-ranking observations.
INFO  [alembic.runtime.migration] Running upgrade 0019_candidate_ranking -> 0020_candidate_outcome, Add append-only matured candidate outcomes.
INFO  [alembic.runtime.migration] Running upgrade 0020_candidate_outcome -> 0021_historical_universe, Add PIT historical-universe and corporate-action evidence.
INFO  [alembic.runtime.migration] Running upgrade 0021_historical_universe -> 0022_historical_dataset, Add licensed historical-dataset intake and row provenance.
INFO  [alembic.runtime.migration] Running upgrade 0022_historical_dataset -> 0023_public_evidence_class, Persist historical dataset evidence class.
tests/benchmarks/test_persistence_layers.py::test_database_query_latency_is_within_budget database query p95: 2.037 ms
PASSED
tests/benchmarks/test_persistence_layers.py::test_end_to_end_repository_read_is_within_budget end-to-end read p95: 9.470 ms
FAILED
tests/benchmarks/test_persistence_layers.py::test_end_to_end_repository_write_is_within_budget end-to-end write p95: 7.132 ms
FAILED
tests/benchmarks/test_persistence_layers.py::test_bulk_timeseries_append_is_within_budget bulk append 10000 rows: 86.6 ms
PASSED
tests/benchmarks/test_primitives.py::test_money_addition_is_within_budget FAILED
tests/benchmarks/test_primitives.py::test_money_scaling_is_within_budget FAILED
tests/benchmarks/test_primitives.py::test_money_construction_is_within_budget XFAIL
tests/benchmarks/test_primitives.py::test_notional_is_within_budget PASSED
tests/benchmarks/test_primitives.py::test_rate_application_is_within_budget PASSED
tests/benchmarks/test_primitives.py::test_allocation_is_within_budget PASSED
tests/benchmarks/test_primitives.py::test_parsing_is_within_budget PASSED
tests/benchmarks/test_primitives.py::test_trading_day_comparison_is_within_budget PASSED
tests/benchmarks/test_primitives.py::test_clock_read_is_within_budget PASSED
tests/benchmarks/test_primitives.py::test_frozen_clock_read_is_within_budget PASSED
tests/benchmarks/test_primitives.py::test_a_million_money_additions_is_within_budget XFAIL
tests/benchmarks/test_primitives.py::test_money_instances_are_small_enough_to_hold_a_million PASSED
tests/benchmarks/test_primitives.py::test_identifier_creation_is_not_a_bottleneck PASSED
tests/benchmarks/test_primitives.py::test_date_range_iteration_is_not_a_bottleneck FAILED

================================== FAILURES ===================================
______________ test_end_to_end_repository_read_is_within_budget _______________

seeded = _Fixture(url='postgresql+asyncpg://dhruva_test:dhruva_test@localhost:55432/dhruva_test', row_id=UUID('10696109-7652-4189-98c7-879a1102563a'))

    @requires_database
    def test_end_to_end_repository_read_is_within_budget(seeded: _Fixture) -> None:
        """Everything a caller experiences: query, ORM, mapping, reconstruction.
    
        Budget: p95 < 3 ms.
        """
    
        async def run() -> float:
            engine = create_async_engine(seeded.url, poolclass=None)
            try:
                factory = async_sessionmaker(bind=engine, expire_on_commit=False)
    
                async def read() -> object:
                    async with factory() as session:
                        repository = DailySnapshotRepository(session, FACTORY)
                        return await repository.get(ACCOUNT, INSTRUMENT, TRADING_DAY)
    
                return await _measure_p95_ms(read)
            finally:
                await engine.dispose()
    
        measured = asyncio.run(run())
        _report("end-to-end read p95", f"{measured:.3f} ms")
    
>       assert measured < BUDGET_READ_P95_MS, f"end-to-end read p95 {measured:.3f}ms"
E       AssertionError: end-to-end read p95 9.470ms
E       assert 9.470099932514131 < 3.0

tests\benchmarks\test_persistence_layers.py:421: AssertionError
______________ test_end_to_end_repository_write_is_within_budget ______________

seeded = _Fixture(url='postgresql+asyncpg://dhruva_test:dhruva_test@localhost:55432/dhruva_test', row_id=UUID('10696109-7652-4189-98c7-879a1102563a'))

    @requires_database
    def test_end_to_end_repository_write_is_within_budget(seeded: _Fixture) -> None:
        """Insert plus commit, as a use case experiences it.
    
        Each iteration writes a *distinct* natural key, varying the instrument
        rather than the trading day. Rewriting one row would measure an update
        against a warm page and call it an insert; advancing the day instead would
        march the benchmark straight through weekends, which are not trading days.
        One session, many instruments, is also what a real end-of-day write looks
        like.
    
        Budget: p95 < 5 ms.
        """
        counter = itertools.count()
    
        async def run() -> float:
            engine = create_async_engine(seeded.url, poolclass=None)
            try:
                factory = async_sessionmaker(bind=engine, expire_on_commit=False)
    
                async def write() -> object:
                    instrument = InstrumentId.deterministic("NSE", f"BENCH{next(counter)}")
                    async with factory() as session:
                        repository = DailySnapshotRepository(session, FACTORY)
                        await repository.add(_snapshot_for(instrument))
                        await session.commit()
                    return None
    
                return await _measure_p95_ms(write)
            finally:
                await engine.dispose()
    
        measured = asyncio.run(run())
        _report("end-to-end write p95", f"{measured:.3f} ms")
    
>       assert measured < BUDGET_WRITE_P95_MS, f"end-to-end write p95 {measured:.3f}ms"
E       AssertionError: end-to-end write p95 7.132ms
E       assert 7.132200058549643 < 5.0

tests\benchmarks\test_persistence_layers.py:459: AssertionError
____________________ test_money_addition_is_within_budget _____________________

    @requires_stable_timing
    def test_money_addition_is_within_budget() -> None:
        """The single hottest operation in any backtest."""
        a, b = Money.parse("1234.56"), Money.parse("78.90")
    
        measured = _per_call_us(lambda: a + b)
    
>       assert measured < BUDGET_MONEY_ADD_US, f"money add {measured:.3f}us"
E       AssertionError: money add 0.581us
E       assert 0.5811500013805926 < 0.5

tests\benchmarks\test_primitives.py:94: AssertionError
_____________________ test_money_scaling_is_within_budget _____________________

    @requires_stable_timing
    def test_money_scaling_is_within_budget() -> None:
        """Exact, so no rounding work is involved."""
        a = Money.parse("1234.56")
    
        measured = _per_call_us(lambda: a * 7)
    
>       assert measured < BUDGET_MONEY_MUL_US, f"money mul {measured:.3f}us"
E       AssertionError: money mul 0.684us
E       assert 0.6840000278316438 < 0.5

tests\benchmarks\test_primitives.py:104: AssertionError
________________ test_date_range_iteration_is_not_a_bottleneck ________________

    def test_date_range_iteration_is_not_a_bottleneck() -> None:
        """Backfill planning iterates ranges of up to a few thousand days."""
        span = DateRange(date(2020, 1, 1), date(2020, 1, 1) + timedelta(days=2000))
    
        measured = _per_call_us(lambda: sum(1 for _ in span), batch=20, repeats=5)
    
>       assert measured < 1000.0, f"2000-day iteration {measured:.1f}us"
E       AssertionError: 2000-day iteration 1009.0us
E       assert 1009.0249998029321 < 1000.0

tests\benchmarks\test_primitives.py:234: AssertionError
=========================== short test summary info ===========================
XFAIL tests/benchmarks/test_primitives.py::test_money_construction_is_within_budget - TD-13: 0.374us measured against a 0.30us budget on Python 3.10. Recorded rather than dropped (ADR-036); trigger for closure is re-measurement on the canonical 3.12 environment. xfail_strict is on, so this turns into a failure the day it passes -- which is the reminder to close the debt.
XFAIL tests/benchmarks/test_primitives.py::test_a_million_money_additions_is_within_budget - TD-14: measured 0.525-0.614s against a 0.50s budget on Python 3.10, straddling the threshold depending on machine load. A 10 percent margin is not resolvable on a contended 2-vCPU sandbox, so this is marked non-strict deliberately: strict would flip between a false red and a false green and teach the author to ignore it. Resolve by measuring on the canonical environment, where the margin is meaningful.
FAILED tests/benchmarks/test_persistence_layers.py::test_end_to_end_repository_read_is_within_budget
FAILED tests/benchmarks/test_persistence_layers.py::test_end_to_end_repository_write_is_within_budget
FAILED tests/benchmarks/test_primitives.py::test_money_addition_is_within_budget
FAILED tests/benchmarks/test_primitives.py::test_money_scaling_is_within_budget
FAILED tests/benchmarks/test_primitives.py::test_date_range_iteration_is_not_a_bottleneck
========== 5 failed, 22 passed, 3471 deselected, 2 xfailed in 12.64s ==========
exit_code: 1
