============================= test session starts =============================
collecting ... collected 999 items / 970 deselected / 29 selected

tests/benchmarks/test_budgets.py::test_settings_load_is_within_budget PASSED [  3%]
tests/benchmarks/test_budgets.py::test_context_bind_is_within_budget PASSED [  6%]
tests/benchmarks/test_budgets.py::test_log_emission_is_within_budget PASSED [ 10%]
tests/benchmarks/test_budgets.py::test_redaction_overhead_is_within_budget PASSED [ 13%]
tests/benchmarks/test_budgets.py::test_metrics_render_is_within_budget PASSED [ 17%]
tests/benchmarks/test_budgets.py::test_readiness_evaluation_is_within_budget PASSED [ 20%]
tests/benchmarks/test_persistence_layers.py::test_orm_object_construction_is_within_budget PASSED [ 24%]
tests/benchmarks/test_persistence_layers.py::test_domain_to_record_is_within_budget PASSED [ 27%]
tests/benchmarks/test_persistence_layers.py::test_record_to_domain_is_within_budget PASSED [ 31%]
tests/benchmarks/test_persistence_layers.py::test_model_to_record_is_within_budget PASSED [ 34%]
tests/benchmarks/test_persistence_layers.py::test_the_full_read_mapping_chain_is_bounded PASSED [ 37%]
tests/benchmarks/test_persistence_layers.py::test_database_query_latency_is_within_budget PASSED [ 41%]
tests/benchmarks/test_persistence_layers.py::test_end_to_end_repository_read_is_within_budget PASSED [ 44%]
tests/benchmarks/test_persistence_layers.py::test_end_to_end_repository_write_is_within_budget FAILED [ 48%]
tests/benchmarks/test_persistence_layers.py::test_bulk_timeseries_append_is_within_budget PASSED [ 51%]
tests/benchmarks/test_primitives.py::test_money_addition_is_within_budget FAILED [ 55%]
tests/benchmarks/test_primitives.py::test_money_scaling_is_within_budget FAILED [ 58%]
tests/benchmarks/test_primitives.py::test_money_construction_is_within_budget XFAIL [ 62%]
tests/benchmarks/test_primitives.py::test_notional_is_within_budget PASSED [ 65%]
tests/benchmarks/test_primitives.py::test_rate_application_is_within_budget PASSED [ 68%]
tests/benchmarks/test_primitives.py::test_allocation_is_within_budget PASSED [ 72%]
tests/benchmarks/test_primitives.py::test_parsing_is_within_budget PASSED [ 75%]
tests/benchmarks/test_primitives.py::test_trading_day_comparison_is_within_budget PASSED [ 79%]
tests/benchmarks/test_primitives.py::test_clock_read_is_within_budget PASSED [ 82%]
tests/benchmarks/test_primitives.py::test_frozen_clock_read_is_within_budget PASSED [ 86%]
tests/benchmarks/test_primitives.py::test_a_million_money_additions_is_within_budget XFAIL [ 89%]
tests/benchmarks/test_primitives.py::test_money_instances_are_small_enough_to_hold_a_million PASSED [ 93%]
tests/benchmarks/test_primitives.py::test_identifier_creation_is_not_a_bottleneck PASSED [ 96%]
tests/benchmarks/test_primitives.py::test_date_range_iteration_is_not_a_bottleneck FAILED [100%]

================================== FAILURES ===================================
______________ test_end_to_end_repository_write_is_within_budget ______________

seeded = _Fixture(url='postgresql+asyncpg://dhruva_test:dhruva_test@localhost:55432/dhruva_test', row_id=UUID('2e35f804-8307-4e8c-b272-1598a3706347'))

    @requires_database
    def test_end_to_end_repository_write_is_within_budget(seeded: _Fixture) -> None:
        """Insert plus commit, as a use case experiences it.
    
        Each iteration writes a *distinct* natural key, varying the instrument
        rather than the trading day. Rewriting one row would measure an update
        against a warm page and call it an insert; advancing the day instead would
        march the benchmark straight through weekends, which are not trading days.
        One session, many instruments, is also what a real end-of-day write looks
        like.
    
        Budget: p95 < 5 ms.
        """
        counter = itertools.count()
    
        async def run() -> float:
            engine = create_async_engine(seeded.url, poolclass=None)
            try:
                factory = async_sessionmaker(bind=engine, expire_on_commit=False)
    
                async def write() -> object:
                    instrument = InstrumentId.deterministic("NSE", f"BENCH{next(counter)}")
                    async with factory() as session:
                        repository = DailySnapshotRepository(session, FACTORY)
                        await repository.add(_snapshot_for(instrument))
                        await session.commit()
                    return None
    
                return await _measure_p95_ms(write)
            finally:
                await engine.dispose()
    
        measured = asyncio.run(run())
        print(f"\nend-to-end write p95: {measured:.3f} ms")
    
>       assert measured < BUDGET_WRITE_P95_MS, f"end-to-end write p95 {measured:.3f}ms"
E       AssertionError: end-to-end write p95 5.295ms
E       assert 5.294600035995245 < 5.0

tests\benchmarks\test_persistence_layers.py:447: AssertionError
---------------------------- Captured stdout call -----------------------------

end-to-end write p95: 5.295 ms
____________________ test_money_addition_is_within_budget _____________________

    @requires_stable_timing
    def test_money_addition_is_within_budget() -> None:
        """The single hottest operation in any backtest."""
        a, b = Money.parse("1234.56"), Money.parse("78.90")
    
        measured = _per_call_us(lambda: a + b)
    
>       assert measured < BUDGET_MONEY_ADD_US, f"money add {measured:.3f}us"
E       AssertionError: money add 0.582us
E       assert 0.5820499500259757 < 0.5

tests\benchmarks\test_primitives.py:94: AssertionError
_____________________ test_money_scaling_is_within_budget _____________________

    @requires_stable_timing
    def test_money_scaling_is_within_budget() -> None:
        """Exact, so no rounding work is involved."""
        a = Money.parse("1234.56")
    
        measured = _per_call_us(lambda: a * 7)
    
>       assert measured < BUDGET_MONEY_MUL_US, f"money mul {measured:.3f}us"
E       AssertionError: money mul 0.619us
E       assert 0.6190499989315867 < 0.5

tests\benchmarks\test_primitives.py:104: AssertionError
________________ test_date_range_iteration_is_not_a_bottleneck ________________

    def test_date_range_iteration_is_not_a_bottleneck() -> None:
        """Backfill planning iterates ranges of up to a few thousand days."""
        span = DateRange(date(2020, 1, 1), date(2020, 1, 1) + timedelta(days=2000))
    
        measured = _per_call_us(lambda: sum(1 for _ in span), batch=20, repeats=5)
    
>       assert measured < 1000.0, f"2000-day iteration {measured:.1f}us"
E       AssertionError: 2000-day iteration 1035.0us
E       assert 1034.9699994549155 < 1000.0

tests\benchmarks\test_primitives.py:234: AssertionError
=========================== short test summary info ===========================
XFAIL tests/benchmarks/test_primitives.py::test_money_construction_is_within_budget - TD-13: 0.374us measured against a 0.30us budget on Python 3.10. Recorded rather than dropped (ADR-036); trigger for closure is re-measurement on the canonical 3.12 environment. xfail_strict is on, so this turns into a failure the day it passes -- which is the reminder to close the debt.
XFAIL tests/benchmarks/test_primitives.py::test_a_million_money_additions_is_within_budget - TD-14: measured 0.525-0.614s against a 0.50s budget on Python 3.10, straddling the threshold depending on machine load. A 10 percent margin is not resolvable on a contended 2-vCPU sandbox, so this is marked non-strict deliberately: strict would flip between a false red and a false green and teach the author to ignore it. Resolve by measuring on the canonical environment, where the margin is meaningful.
FAILED tests/benchmarks/test_persistence_layers.py::test_end_to_end_repository_write_is_within_budget
FAILED tests/benchmarks/test_primitives.py::test_money_addition_is_within_budget
FAILED tests/benchmarks/test_primitives.py::test_money_scaling_is_within_budget
FAILED tests/benchmarks/test_primitives.py::test_date_range_iteration_is_not_a_bottleneck
=========== 4 failed, 23 passed, 970 deselected, 2 xfailed in 7.64s ===========
exit_code: 1
