============================= test session starts =============================
collecting ... collected 2586 items / 2314 deselected / 272 selected

tests/integration/test_audit_log.py::test_an_update_against_the_audit_table_fails PASSED [  0%]
tests/integration/test_audit_log.py::test_a_delete_against_the_audit_table_fails PASSED [  0%]
tests/integration/test_audit_log.py::test_a_truncate_against_the_audit_table_fails PASSED [  1%]
tests/integration/test_audit_log.py::test_an_update_matching_no_rows_raises_nothing PASSED [  1%]
tests/integration/test_audit_log.py::test_recording_writes_the_row_and_stages_the_event_together PASSED [  1%]
tests/integration/test_audit_log.py::test_the_audit_row_and_its_event_share_one_transaction PASSED [  2%]
tests/integration/test_audit_log.py::test_the_published_event_survives_the_wire_format PASSED [  2%]
tests/integration/test_audit_log.py::test_a_blank_actor_or_subject_is_refused_by_the_table[-actor] PASSED [  2%]
tests/integration/test_audit_log.py::test_a_blank_actor_or_subject_is_refused_by_the_table[-subject] PASSED [  3%]
tests/integration/test_audit_log.py::test_a_blank_actor_or_subject_is_refused_by_the_table[   -actor] PASSED [  3%]
tests/integration/test_audit_log.py::test_a_blank_actor_or_subject_is_refused_by_the_table[   -subject] PASSED [  4%]
tests/integration/test_audit_log.py::test_a_blank_actor_or_subject_is_refused_by_the_table[\t-actor] PASSED [  4%]
tests/integration/test_audit_log.py::test_a_blank_actor_or_subject_is_refused_by_the_table[\t-subject] PASSED [  4%]
tests/integration/test_audit_log.py::test_a_missing_required_value_is_refused_by_the_table[account] PASSED [  5%]
tests/integration/test_audit_log.py::test_a_missing_required_value_is_refused_by_the_table[actor] PASSED [  5%]
tests/integration/test_audit_log.py::test_a_missing_required_value_is_refused_by_the_table[correlation] PASSED [  5%]
tests/integration/test_audit_log.py::test_a_record_cannot_predate_the_action_it_records PASSED [  6%]
tests/integration/test_audit_log.py::test_the_table_carries_a_row_level_security_policy PASSED [  6%]
tests/integration/test_audit_log.py::test_everything_under_one_correlation_comes_back_in_order PASSED [  6%]
tests/integration/test_audit_log.py::test_a_read_by_account_does_not_return_another_tenant_s_rows PASSED [  7%]
tests/integration/test_audit_log.py::test_a_record_survives_a_round_trip_through_postgresql PASSED [  7%]
tests/integration/test_authentication_flow.py::test_a_failed_authentication_leaves_a_committed_audit_row PASSED [  8%]
tests/integration/test_authentication_flow.py::test_an_unknown_subject_leaves_a_committed_audit_row PASSED [  8%]
tests/integration/test_authentication_flow.py::test_a_failed_authentication_issues_no_session PASSED [  8%]
tests/integration/test_authentication_flow.py::test_a_successful_login_writes_the_session_the_audit_row_and_the_event PASSED [  9%]
tests/integration/test_authentication_flow.py::test_the_issued_access_token_verifies PASSED [  9%]
tests/integration/test_authentication_flow.py::test_a_session_rotates_and_the_old_token_stops_working PASSED [  9%]
tests/integration/test_authentication_flow.py::test_reuse_revokes_the_lineage_in_the_database PASSED [ 10%]
tests/integration/test_authentication_flow.py::test_reuse_is_recorded_distinctly_from_the_error_it_raises PASSED [ 10%]
tests/integration/test_authentication_flow.py::test_one_stolen_session_does_not_end_the_others PASSED [ 11%]
tests/integration/test_authentication_flow.py::test_a_disabled_principal_cannot_refresh PASSED [ 11%]
tests/integration/test_authorisation_store.py::test_a_role_and_its_permission_evidence_survive_a_round_trip PASSED [ 11%]
tests/integration/test_authorisation_store.py::test_an_unknown_role_returns_none PASSED [ 12%]
tests/integration/test_authorisation_store.py::test_a_concurrent_role_update_is_refused PASSED [ 12%]
tests/integration/test_authorisation_store.py::test_an_unassigned_principal_has_no_role PASSED [ 12%]
tests/integration/test_authorisation_store.py::test_a_principal_role_is_loaded_with_its_permissions PASSED [ 13%]
tests/integration/test_authorisation_store.py::test_a_principal_cannot_hold_two_roles PASSED [ 13%]
tests/integration/test_authorisation_store.py::test_a_principal_cannot_borrow_another_tenants_role PASSED [ 13%]
tests/integration/test_authorisation_store.py::test_deleting_a_principal_cascades_its_live_assignment PASSED [ 14%]
tests/integration/test_authorisation_store.py::test_deleting_a_role_cascades_its_live_assignment PASSED [ 14%]
tests/integration/test_authorisation_store.py::test_authority_directory_counts_only_active_enrolled_managers PASSED [ 15%]
tests/integration/test_credential_store.py::test_a_credential_survives_a_round_trip_through_postgresql PASSED [ 15%]
tests/integration/test_credential_store.py::test_a_read_returns_ciphertext_and_nothing_else PASSED [ 15%]
tests/integration/test_credential_store.py::test_an_absent_credential_reads_as_none PASSED [ 16%]
tests/integration/test_credential_store.py::test_a_credential_is_findable_by_its_own_identity PASSED [ 16%]
tests/integration/test_credential_store.py::test_one_credential_per_broker_per_account PASSED [ 16%]
tests/integration/test_credential_store.py::test_two_accounts_may_hold_a_credential_for_the_same_broker PASSED [ 17%]
tests/integration/test_credential_store.py::test_a_rotated_credential_persists_and_opens_to_the_new_secret PASSED [ 17%]
tests/integration/test_credential_store.py::test_a_lost_update_is_refused PASSED [ 18%]
tests/integration/test_credential_store.py::test_the_check_constraint_refuses_a_version_below_one PASSED [ 18%]
tests/integration/test_credential_store.py::test_a_ciphertext_moved_between_rows_in_sql_no_longer_opens PASSED [ 18%]
tests/integration/test_credential_store.py::test_the_victim_row_still_opens_after_the_theft PASSED [ 19%]
tests/integration/test_credential_store.py::test_a_credential_re_parented_in_sql_no_longer_opens PASSED [ 19%]
tests/integration/test_credential_store.py::test_the_repository_stages_rather_than_writes PASSED [ 19%]
tests/integration/test_credential_store.py::test_the_repository_offers_no_way_to_decrypt PASSED [ 20%]
tests/integration/test_daily_market_bars.py::test_daily_bars_are_idempotent_and_queries_are_point_in_time PASSED [ 20%]
tests/integration/test_daily_market_bars.py::test_incomplete_latest_bar_is_persisted_but_refused_by_complete_query PASSED [ 20%]
tests/integration/test_daily_market_bars.py::test_market_data_unit_of_work_rolls_back_by_default PASSED [ 21%]
tests/integration/test_daily_market_bars.py::test_daily_bar_migration_downgrades_reapplies_and_has_no_drift PASSED [ 21%]
tests/integration/test_dead_letters.py::test_a_terminal_failure_appears_in_the_dead_letter_queue PASSED [ 22%]
tests/integration/test_dead_letters.py::test_a_deliverable_event_is_not_in_the_queue PASSED [ 22%]
tests/integration/test_dead_letters.py::test_the_queue_is_listed_oldest_first PASSED [ 22%]
tests/integration/test_dead_letters.py::test_the_listing_is_bounded_and_filterable PASSED [ 23%]
tests/integration/test_dead_letters.py::test_a_non_positive_limit_is_refused PASSED [ 23%]
tests/integration/test_dead_letters.py::test_requeueing_returns_the_event_to_the_queue_with_a_fresh_budget PASSED [ 23%]
tests/integration/test_dead_letters.py::test_a_requeued_event_is_actually_delivered_on_the_next_pass PASSED [ 24%]
tests/integration/test_dead_letters.py::test_requeueing_a_published_event_is_refused PASSED [ 24%]
tests/integration/test_dead_letters.py::test_requeueing_a_live_event_is_refused PASSED [ 25%]
tests/integration/test_dead_letters.py::test_requeueing_an_unknown_event_says_so PASSED [ 25%]
tests/integration/test_dead_letters.py::test_a_bulk_requeue_is_bounded_and_reports_each_outcome PASSED [ 25%]
tests/integration/test_dead_letters.py::test_a_bulk_requeue_reports_refusals_rather_than_failing PASSED [ 26%]
tests/integration/test_event_flow_end_to_end.py::test_an_event_reaches_a_consumer_with_every_value_intact PASSED [ 26%]
tests/integration/test_event_flow_end_to_end.py::test_the_two_timestamps_stay_distinct_all_the_way_through PASSED [ 26%]
tests/integration/test_event_flow_end_to_end.py::test_events_for_one_aggregate_arrive_in_the_order_they_were_committed PASSED [ 27%]
tests/integration/test_event_flow_end_to_end.py::test_the_outbox_row_is_marked_only_after_the_broker_has_it PASSED [ 27%]
tests/integration/test_event_flow_end_to_end.py::test_a_relay_that_dies_after_publishing_redelivers_rather_than_losing PASSED [ 27%]
tests/integration/test_event_flow_end_to_end.py::test_an_unroutable_event_dead_letters_without_reaching_the_broker PASSED [ 28%]
tests/integration/test_event_flow_end_to_end.py::test_a_second_pass_over_a_drained_outbox_publishes_nothing PASSED [ 28%]
tests/integration/test_idempotency_ledger.py::test_the_first_delivery_is_processed_and_recorded PASSED [ 29%]
tests/integration/test_idempotency_ledger.py::test_a_duplicate_delivery_rolls_back_the_side_effect_with_it PASSED [ 29%]
tests/integration/test_idempotency_ledger.py::test_two_consumer_groups_each_process_the_same_event PASSED [ 29%]
tests/integration/test_idempotency_ledger.py::test_a_replay_run_processes_history_the_live_run_already_processed PASSED [ 30%]
tests/integration/test_idempotency_ledger.py::test_a_replay_repeated_twice_processes_history_twice PASSED [ 30%]
tests/integration/test_idempotency_ledger.py::test_a_duplicate_inside_one_run_is_still_refused PASSED [ 30%]
tests/integration/test_idempotency_ledger.py::test_the_conflict_surfaces_on_the_claim_rather_than_at_commit PASSED [ 31%]
tests/integration/test_idempotency_ledger.py::test_pruning_removes_only_rows_older_than_the_cutoff PASSED [ 31%]
tests/integration/test_idempotency_ledger.py::test_a_replay_prunes_its_own_run_and_leaves_live_history_alone PASSED [ 31%]
tests/integration/test_idempotency_ledger.py::test_a_ledger_without_a_consumer_group_refuses_to_be_built PASSED [ 32%]
tests/integration/test_idempotency_ledger.py::test_the_live_run_identifier_cannot_be_generated_by_accident PASSED [ 32%]
tests/integration/test_identity_store.py::test_a_principal_survives_a_round_trip PASSED [ 33%]
tests/integration/test_identity_store.py::test_a_principal_is_found_by_subject PASSED [ 33%]
tests/integration/test_identity_store.py::test_an_unknown_subject_returns_none PASSED [ 33%]
tests/integration/test_identity_store.py::test_two_principals_cannot_share_a_subject PASSED [ 34%]
tests/integration/test_identity_store.py::test_a_concurrent_update_is_refused PASSED [ 34%]
tests/integration/test_identity_store.py::test_enrolment_can_be_written_and_read_back PASSED [ 34%]
tests/integration/test_identity_store.py::test_the_subject_cannot_be_changed_by_an_update PASSED [ 35%]
tests/integration/test_identity_store.py::test_half_a_sealed_secret_is_refused_by_the_table PASSED [ 35%]
tests/integration/test_identity_store.py::test_a_refresh_token_survives_a_round_trip PASSED [ 36%]
tests/integration/test_identity_store.py::test_two_tokens_cannot_share_a_hash PASSED [ 36%]
tests/integration/test_identity_store.py::test_exactly_one_of_two_simultaneous_rotations_wins PASSED [ 36%]
tests/integration/test_identity_store.py::test_revoking_a_lineage_reaches_every_token_in_it PASSED [ 37%]
tests/integration/test_identity_store.py::test_revoking_a_lineage_does_not_touch_another PASSED [ 37%]
tests/integration/test_identity_store.py::test_revoking_an_already_dead_lineage_revokes_nothing PASSED [ 37%]
tests/integration/test_identity_store.py::test_the_first_revocation_instant_is_preserved PASSED [ 38%]
tests/integration/test_identity_store.py::test_a_root_token_must_anchor_its_own_lineage PASSED [ 38%]
tests/integration/test_identity_store.py::test_a_token_cannot_expire_before_it_is_issued PASSED [ 38%]
tests/integration/test_identity_store.py::test_the_table_carries_row_level_security_policies PASSED [ 39%]
tests/integration/test_instrument_archive.py::test_archive_round_trips_raw_evidence_and_mapped_facts_idempotently PASSED [ 39%]
tests/integration/test_instrument_archive.py::test_same_daily_key_with_changed_source_bytes_fails_closed PASSED [ 40%]
tests/integration/test_instrument_archive.py::test_token_turnover_creates_a_revision_not_a_new_contract_identity PASSED [ 40%]
tests/integration/test_instrument_archive.py::test_archive_unit_of_work_rolls_back_by_default PASSED [ 40%]
tests/integration/test_instrument_archive.py::test_archive_migration_downgrades_and_reapplies_cleanly PASSED [ 41%]
tests/integration/test_news_archive.py::test_a_poll_persists_the_revision_its_analysis_and_its_links PASSED [ 41%]
tests/integration/test_news_archive.py::test_repolling_is_idempotent_and_preserves_the_first_observation PASSED [ 41%]
tests/integration/test_news_archive.py::test_a_correction_appends_and_cannot_overwrite_earlier_history PASSED [ 42%]
tests/integration/test_news_archive.py::test_an_item_observed_after_the_cutoff_is_invisible PASSED [ 42%]
tests/integration/test_news_archive.py::test_the_stored_analysis_round_trips_with_its_evidence PASSED [ 43%]
tests/integration/test_news_archive.py::test_deduplication_survives_a_restart PASSED [ 43%]
tests/integration/test_news_archive.py::test_a_repeated_official_filing_is_stored_with_its_attribution PASSED [ 43%]
tests/integration/test_news_archive.py::test_a_read_can_be_narrowed_to_one_canonical_symbol PASSED [ 44%]
tests/integration/test_news_archive.py::test_the_transaction_rolls_back_by_default PASSED [ 44%]
tests/integration/test_news_archive.py::test_the_database_refuses_an_article_body PASSED [ 44%]
tests/integration/test_news_archive.py::test_the_database_refuses_an_item_observed_before_publication PASSED [ 45%]
tests/integration/test_news_archive.py::test_two_polls_on_different_days_are_separate_events PASSED [ 45%]
tests/integration/test_news_archive.py::test_the_published_date_is_what_the_linker_reads PASSED [ 45%]
tests/integration/test_news_workflow.py::test_a_polled_batch_can_be_read_back_at_a_later_cutoff PASSED [ 46%]
tests/integration/test_news_workflow.py::test_several_batches_are_ingested_in_one_pass PASSED [ 46%]
tests/integration/test_news_workflow.py::test_a_read_can_be_narrowed_to_one_instrument PASSED [ 47%]
tests/integration/test_news_workflow.py::test_repeating_the_pass_stores_nothing_new PASSED [ 47%]
tests/integration/test_news_workflow.py::test_a_correction_is_visible_only_after_it_was_first_seen PASSED [ 47%]
tests/integration/test_news_workflow.py::test_both_revisions_are_stored_rather_than_one_overwriting_the_other PASSED [ 48%]
tests/integration/test_news_workflow.py::test_nothing_first_seen_after_the_cutoff_is_ever_returned PASSED [ 48%]
tests/integration/test_news_workflow.py::test_a_read_is_deterministic_when_repeated PASSED [ 48%]
tests/integration/test_news_workflow.py::test_the_source_and_its_citation_link_are_read_back PASSED [ 49%]
tests/integration/test_news_workflow.py::test_the_publishers_own_url_survives_the_round_trip PASSED [ 49%]
tests/integration/test_news_workflow.py::test_a_stored_item_renders_with_everything_needed_to_cite_it PASSED [ 50%]
tests/integration/test_news_workflow.py::test_a_rate_limit_keeps_what_arrived_and_asks_for_no_more PASSED [ 50%]
tests/integration/test_news_workflow.py::test_a_pass_that_returns_nothing_writes_nothing PASSED [ 50%]
tests/integration/test_news_workflow.py::test_the_read_writes_nothing PASSED [ 51%]
tests/integration/test_news_workflow.py::test_a_failed_ingestion_leaves_the_archive_untouched PASSED [ 51%]
tests/integration/test_news_workflow.py::test_the_result_limit_bounds_what_comes_back PASSED [ 51%]
tests/integration/test_news_workflow.py::test_an_impossible_limit_is_refused_before_the_database_is_touched PASSED [ 52%]
tests/integration/test_news_workflow.py::test_a_backwards_window_is_refused PASSED [ 52%]
tests/integration/test_news_workflow.py::test_an_unknown_symbol_returns_nothing_rather_than_everything PASSED [ 52%]
tests/integration/test_outbox_relay.py::test_a_staged_event_is_published_and_marked PASSED [ 53%]
tests/integration/test_outbox_relay.py::test_an_idle_relay_reports_idle PASSED [ 53%]
tests/integration/test_outbox_relay.py::test_a_crash_before_publishing_loses_nothing PASSED [ 54%]
tests/integration/test_outbox_relay.py::test_a_crash_after_publishing_redelivers_rather_than_losing PASSED [ 54%]
tests/integration/test_outbox_relay.py::test_a_restarted_relay_resumes_from_durable_state PASSED [ 54%]
tests/integration/test_outbox_relay.py::test_marking_published_is_idempotent PASSED [ 55%]
tests/integration/test_outbox_relay.py::test_a_published_row_is_never_claimed_again PASSED [ 55%]
tests/integration/test_outbox_relay.py::test_two_relays_partition_the_work_without_overlap PASSED [ 55%]
tests/integration/test_outbox_relay.py::test_a_leased_row_is_invisible_to_another_relay PASSED [ 56%]
tests/integration/test_outbox_relay.py::test_an_expired_lease_is_reclaimed_by_another_relay PASSED [ 56%]
tests/integration/test_outbox_relay.py::test_a_transient_failure_schedules_a_retry_via_next_attempt_at PASSED [ 56%]
tests/integration/test_outbox_relay.py::test_a_row_is_not_retried_before_next_attempt_at PASSED [ 57%]
tests/integration/test_outbox_relay.py::test_a_transient_failure_eventually_succeeds PASSED [ 57%]
tests/integration/test_outbox_relay.py::test_a_terminal_failure_dead_letters_without_consuming_retries PASSED [ 58%]
tests/integration/test_outbox_relay.py::test_retry_exhaustion_leads_to_the_dead_letter_state PASSED [ 58%]
tests/integration/test_outbox_relay.py::test_a_dead_lettered_row_is_never_claimed_again PASSED [ 58%]
tests/integration/test_outbox_relay.py::test_one_poison_message_does_not_block_the_others PASSED [ 59%]
tests/integration/test_outbox_relay.py::test_a_broker_outage_loses_nothing_and_recovers PASSED [ 59%]
tests/integration/test_outbox_staging.py::test_a_staged_event_survives_the_commit_that_carried_it PASSED [ 59%]
tests/integration/test_outbox_staging.py::test_a_rollback_leaves_no_outbox_row PASSED [ 60%]
tests/integration/test_outbox_staging.py::test_the_event_and_the_aggregate_change_share_one_fate PASSED [ 60%]
tests/integration/test_outbox_staging.py::test_the_row_carries_the_bitemporal_pair_and_starts_unpublished PASSED [ 61%]
tests/integration/test_outbox_staging.py::test_the_event_id_is_unique_across_the_outbox PASSED [ 61%]
tests/integration/test_permission_management_flow.py::test_grant_is_durable_with_version_and_audit_in_one_transaction PASSED [ 61%]
tests/integration/test_permission_management_flow.py::test_refused_protected_grant_commits_audit_without_mutating_role PASSED [ 62%]
tests/integration/test_redis_conformance.py::TestRedisTransportConformance::test_the_adapters_satisfy_the_ports PASSED [ 62%]
tests/integration/test_redis_conformance.py::TestRedisTransportConformance::test_an_envelope_arrives_exactly_as_it_was_published PASSED [ 62%]
tests/integration/test_redis_conformance.py::TestRedisTransportConformance::test_a_batch_is_reported_envelope_by_envelope PASSED [ 63%]
tests/integration/test_redis_conformance.py::TestRedisTransportConformance::test_publication_order_is_delivery_order PASSED [ 63%]
tests/integration/test_redis_conformance.py::TestRedisTransportConformance::test_an_idle_stream_returns_nothing_rather_than_blocking PASSED [ 63%]
tests/integration/test_redis_conformance.py::TestRedisTransportConformance::test_read_never_returns_more_than_the_limit PASSED [ 64%]
tests/integration/test_redis_conformance.py::TestRedisTransportConformance::test_a_non_positive_limit_is_refused PASSED [ 64%]
tests/integration/test_redis_conformance.py::TestRedisTransportConformance::test_an_unacknowledged_delivery_is_not_offered_again PASSED [ 65%]
tests/integration/test_redis_conformance.py::TestRedisTransportConformance::test_reading_makes_a_delivery_pending_and_acknowledging_clears_it PASSED [ 65%]
tests/integration/test_redis_conformance.py::TestRedisTransportConformance::test_acknowledging_twice_reports_nothing_the_second_time PASSED [ 65%]
tests/integration/test_redis_conformance.py::TestRedisTransportConformance::test_acknowledging_nothing_is_not_an_error PASSED [ 66%]
tests/integration/test_redis_conformance.py::TestRedisTransportConformance::test_a_token_this_stream_did_not_issue_is_refused PASSED [ 66%]
tests/integration/test_redis_conformance.py::TestRedisTransportConformance::test_the_ack_token_carries_nothing_a_consumer_can_act_on PASSED [ 66%]
tests/integration/test_redis_conformance.py::TestRedisTransportConformance::test_deliveries_are_frozen PASSED [ 67%]
tests/integration/test_redis_streams.py::test_an_envelope_survives_the_transport_byte_for_byte PASSED [ 67%]
tests/integration/test_redis_streams.py::test_each_aggregate_type_gets_its_own_stream PASSED [ 68%]
tests/integration/test_redis_streams.py::test_a_group_created_after_the_fact_still_sees_earlier_events PASSED [ 68%]
tests/integration/test_redis_streams.py::test_a_consumer_may_start_before_any_producer PASSED [ 68%]
tests/integration/test_redis_streams.py::test_creating_the_group_twice_is_quiet PASSED [ 69%]
tests/integration/test_redis_streams.py::test_two_consumers_in_one_group_divide_the_work PASSED [ 69%]
tests/integration/test_redis_streams.py::test_separate_groups_each_receive_everything PASSED [ 69%]
tests/integration/test_redis_streams.py::test_an_unacknowledged_entry_stays_pending_and_is_not_re_offered PASSED [ 70%]
tests/integration/test_redis_streams.py::test_acknowledgement_clears_the_pending_entry PASSED [ 70%]
tests/integration/test_redis_streams.py::test_acknowledging_the_same_entry_twice_reports_nothing_the_second_time PASSED [ 70%]
tests/integration/test_redis_streams.py::test_pending_sums_across_every_subscribed_stream PASSED [ 71%]
tests/integration/test_redis_streams.py::test_a_token_from_another_namespace_is_refused PASSED [ 71%]
tests/integration/test_redis_streams.py::test_a_dead_consumers_entries_can_be_reclaimed PASSED [ 72%]
tests/integration/test_redis_streams.py::test_a_live_consumers_entries_are_not_taken_from_it PASSED [ 72%]
tests/integration/test_redis_streams.py::test_the_client_reconnects_without_the_adapter_noticing PASSED [ 72%]
tests/integration/test_redis_streams.py::test_a_malformed_entry_raises_and_stays_recoverable PASSED [ 73%]
tests/integration/test_redis_streams.py::test_an_entry_written_by_something_else_is_refused PASSED [ 73%]
tests/integration/test_redis_streams.py::test_an_envelope_version_this_consumer_cannot_read_is_refused PASSED [ 73%]
tests/integration/test_redis_streams.py::test_an_unroutable_aggregate_type_never_reaches_redis PASSED [ 74%]
tests/integration/test_redis_streams.py::test_publishing_the_same_envelope_twice_produces_two_entries PASSED [ 74%]
tests/integration/test_redis_streams.py::test_the_stream_is_trimmed_to_the_configured_length PASSED [ 75%]
tests/integration/test_redis_streams.py::test_trimming_never_discards_an_entry_a_consumer_is_holding PASSED [ 75%]
tests/integration/test_reference_watchlist.py::test_owner_universe_round_trips_and_is_idempotent PASSED [ 75%]
tests/integration/test_reference_watchlist.py::test_point_in_time_query_cannot_see_a_later_correction PASSED [ 76%]
tests/integration/test_reference_watchlist.py::test_source_revision_reuse_with_changed_content_fails_closed PASSED [ 76%]
tests/integration/test_reference_watchlist.py::test_watchlist_is_tenant_scoped PASSED [ 76%]
tests/integration/test_reference_watchlist.py::test_reference_unit_of_work_rolls_back_by_default PASSED [ 77%]
tests/integration/test_reference_watchlist.py::test_reference_migration_downgrades_and_reapplies_cleanly PASSED [ 77%]
tests/integration/test_reference_watchlist.py::test_reference_metadata_has_no_autogenerate_drift PASSED [ 77%]
tests/integration/test_replay_conformance.py::TestReplayTransportConformance::test_the_adapters_satisfy_the_ports PASSED [ 78%]
tests/integration/test_replay_conformance.py::TestReplayTransportConformance::test_an_envelope_arrives_exactly_as_it_was_published PASSED [ 78%]
tests/integration/test_replay_conformance.py::TestReplayTransportConformance::test_a_batch_is_reported_envelope_by_envelope PASSED [ 79%]
tests/integration/test_replay_conformance.py::TestReplayTransportConformance::test_publication_order_is_delivery_order PASSED [ 79%]
tests/integration/test_replay_conformance.py::TestReplayTransportConformance::test_an_idle_stream_returns_nothing_rather_than_blocking PASSED [ 79%]
tests/integration/test_replay_conformance.py::TestReplayTransportConformance::test_read_never_returns_more_than_the_limit PASSED [ 80%]
tests/integration/test_replay_conformance.py::TestReplayTransportConformance::test_a_non_positive_limit_is_refused PASSED [ 80%]
tests/integration/test_replay_conformance.py::TestReplayTransportConformance::test_an_unacknowledged_delivery_is_not_offered_again PASSED [ 80%]
tests/integration/test_replay_conformance.py::TestReplayTransportConformance::test_reading_makes_a_delivery_pending_and_acknowledging_clears_it PASSED [ 81%]
tests/integration/test_replay_conformance.py::TestReplayTransportConformance::test_acknowledging_twice_reports_nothing_the_second_time PASSED [ 81%]
tests/integration/test_replay_conformance.py::TestReplayTransportConformance::test_acknowledging_nothing_is_not_an_error PASSED [ 81%]
tests/integration/test_replay_conformance.py::TestReplayTransportConformance::test_a_token_this_stream_did_not_issue_is_refused PASSED [ 82%]
tests/integration/test_replay_conformance.py::TestReplayTransportConformance::test_the_ack_token_carries_nothing_a_consumer_can_act_on PASSED [ 82%]
tests/integration/test_replay_conformance.py::TestReplayTransportConformance::test_deliveries_are_frozen PASSED [ 83%]
tests/integration/test_replay_stream.py::test_an_event_recorded_after_the_bound_is_unreachable PASSED [ 83%]
tests/integration/test_replay_stream.py::test_the_bound_is_inclusive_of_its_own_instant PASSED [ 83%]
tests/integration/test_replay_stream.py::test_occurred_at_does_not_widen_the_bound PASSED [ 84%]
tests/integration/test_replay_stream.py::test_a_naive_bound_is_refused PASSED [ 84%]
tests/integration/test_replay_stream.py::test_events_arrive_in_total_sequence_order PASSED [ 84%]
tests/integration/test_replay_stream.py::test_reading_advances_a_cursor_rather_than_repeating PASSED [ 85%]
tests/integration/test_replay_stream.py::test_remaining_counts_what_is_still_ahead PASSED [ 85%]
tests/integration/test_replay_stream.py::test_a_non_positive_limit_is_refused PASSED [ 86%]
tests/integration/test_replay_stream.py::test_acknowledging_clears_what_reading_made_pending PASSED [ 86%]
tests/integration/test_replay_stream.py::test_acknowledging_twice_reports_nothing_the_second_time PASSED [ 86%]
tests/integration/test_replay_stream.py::test_acknowledging_writes_nothing_to_the_outbox PASSED [ 87%]
tests/integration/test_replay_stream.py::test_a_token_this_stream_did_not_issue_is_refused PASSED [ 87%]
tests/integration/test_replay_stream.py::test_the_ack_token_is_the_streams_own_type PASSED [ 87%]
tests/integration/test_replay_stream.py::test_an_envelope_version_this_consumer_cannot_read_is_refused PASSED [ 88%]
tests/integration/test_replay_stream.py::test_a_supported_version_passes_through_unchanged PASSED [ 88%]
tests/integration/test_repository_correctness.py::test_money_and_price_survive_a_real_round_trip PASSED [ 88%]
tests/integration/test_repository_correctness.py::test_a_currency_derivative_price_survives_storage PASSED [ 89%]
tests/integration/test_repository_correctness.py::test_a_rolled_back_transaction_leaves_nothing PASSED [ 89%]
tests/integration/test_repository_correctness.py::test_the_second_of_two_concurrent_writers_is_refused PASSED [ 90%]
tests/integration/test_repository_correctness.py::test_a_conflict_reports_which_version_it_expected PASSED [ 90%]
tests/integration/test_repository_correctness.py::test_deadlock_surfaces_as_a_driver_error XPASS [ 90%]
tests/integration/test_repository_correctness.py::test_repeated_adds_of_the_same_natural_key_are_refused PASSED [ 91%]
tests/integration/test_repository_correctness.py::test_the_default_isolation_level_is_read_committed PASSED [ 91%]
tests/integration/test_repository_correctness.py::test_an_uncommitted_write_is_invisible_to_another_session PASSED [ 91%]
tests/integration/test_repository_correctness.py::test_the_database_refuses_values_the_domain_would_refuse[turnover_minor_units--1-ck_daily_snapshot_turnover] PASSED [ 92%]
tests/integration/test_repository_correctness.py::test_the_database_refuses_values_the_domain_would_refuse[close_scaled_units-0-ck_daily_snapshot_close] PASSED [ 92%]
tests/integration/test_repository_correctness.py::test_the_database_refuses_values_the_domain_would_refuse[version-0-ck_daily_snapshot_version] PASSED [ 93%]
tests/integration/test_rls_scaffolding.py::test_every_tenant_owned_table_has_enabled_rls_and_a_policy PASSED [ 93%]
tests/integration/test_rls_scaffolding.py::test_restrictive_policy_denies_missing_and_cross_tenant_context PASSED [ 93%]
tests/integration/test_rls_scaffolding.py::test_tenant_context_is_transaction_local_across_pool_reuse_and_rollback PASSED [ 94%]
tests/integration/test_timeseries_storage.py::test_appended_rows_are_readable_with_their_values_intact PASSED [ 94%]
tests/integration/test_timeseries_storage.py::test_an_empty_batch_is_a_no_op PASSED [ 94%]
tests/integration/test_timeseries_storage.py::test_a_table_off_the_allowlist_is_refused PASSED [ 95%]
tests/integration/test_timeseries_storage.py::test_an_identifier_that_is_not_a_plain_name_is_refused_at_construction[example_tick; DROP TABLE daily_snapshot] PASSED [ 95%]
tests/integration/test_timeseries_storage.py::test_an_identifier_that_is_not_a_plain_name_is_refused_at_construction[Example_Tick] PASSED [ 95%]
tests/integration/test_timeseries_storage.py::test_an_identifier_that_is_not_a_plain_name_is_refused_at_construction[] PASSED [ 96%]
tests/integration/test_timeseries_storage.py::test_a_row_missing_a_column_is_refused_before_any_write PASSED [ 96%]
tests/integration/test_timeseries_storage.py::test_the_check_constraint_still_applies_on_this_path PASSED [ 97%]
tests/integration/test_watchlist_digest.py::test_ingested_news_appears_under_the_instrument_it_linked_to PASSED [ 97%]
tests/integration/test_watchlist_digest.py::test_the_stored_category_and_sentiment_survive_the_round_trip PASSED [ 97%]
tests/integration/test_watchlist_digest.py::test_an_item_first_seen_after_the_cutoff_is_absent_from_the_digest PASSED [ 98%]
tests/integration/test_watchlist_digest.py::test_sections_are_ordered_by_significance_over_real_rows PASSED [ 98%]
tests/integration/test_watchlist_digest.py::test_every_watchlist_instrument_is_present_even_with_an_empty_archive PASSED [ 98%]
tests/integration/test_watchlist_digest.py::test_the_rendered_digest_carries_attribution_for_stored_rows PASSED [ 99%]
tests/integration/test_watchlist_digest.py::test_building_a_digest_writes_nothing PASSED [ 99%]
tests/integration/test_watchlist_digest.py::test_the_section_bound_applies_over_stored_rows PASSED [100%]

=================================== XPASSES ===================================
=========================== short test summary info ===========================
XPASS tests/integration/test_repository_correctness.py::test_deadlock_surfaces_as_a_driver_error - Deadlock detection is inherently timing-dependent: PostgreSQL may resolve the cycle before both statements block, in which case neither aborts. Marked non-strict so it records the behaviour without producing a flaky red. Treated as documentation of the expected failure mode rather than a guarantee -- deadlock *retry* is a caller concern and is tested there.
========= 271 passed, 2314 deselected, 1 xpassed in 62.25s (0:01:02) ==========
exit_code: 0
