============================= test session starts =============================
collecting ... collected 2080 items / 2051 deselected / 29 selected

tests/benchmarks/test_budgets.py::test_settings_load_is_within_budget PASSED
tests/benchmarks/test_budgets.py::test_context_bind_is_within_budget PASSED
tests/benchmarks/test_budgets.py::test_log_emission_is_within_budget PASSED
tests/benchmarks/test_budgets.py::test_redaction_overhead_is_within_budget PASSED
tests/benchmarks/test_budgets.py::test_metrics_render_is_within_budget PASSED
tests/benchmarks/test_budgets.py::test_readiness_evaluation_is_within_budget PASSED
tests/benchmarks/test_persistence_layers.py::test_orm_object_construction_is_within_budget PASSED
tests/benchmarks/test_persistence_layers.py::test_domain_to_record_is_within_budget PASSED
tests/benchmarks/test_persistence_layers.py::test_record_to_domain_is_within_budget PASSED
tests/benchmarks/test_persistence_layers.py::test_model_to_record_is_within_budget PASSED
tests/benchmarks/test_persistence_layers.py::test_the_full_read_mapping_chain_is_bounded PASSED
uv : INFO  [alembic.runtime.migration] Context impl PostgresqlImpl.
At C:\Users\dhruv\Projects\DHRUVA\scripts\canonical_validation.ps1:579 char:9
+         uv run pytest -v --no-header -p no:randomly -p no:cacheprovid ...
+         ~~~~~~~~~~~~~~~~~~~~~~~~~~~~~~~~~~~~~~~~~~~~~~~~~~~~~~~~~~~~~
    + CategoryInfo          : NotSpecified: (INFO  [alembic....PostgresqlImpl.:String) [], RemoteException
    + FullyQualifiedErrorId : NativeCommandError
 
INFO  [alembic.runtime.migration] Will assume transactional DDL.
INFO  [alembic.runtime.migration] Running upgrade  -> 0001_initial, Initial schema: the worked example table 
and the transactional outbox.
INFO  [alembic.runtime.migration] Running upgrade 0001_initial -> 0002_example_tick, The append-only 
timeseries worked example (ADR-054).
INFO  [alembic.runtime.migration] Running upgrade 0002_example_tick -> 0003_outbox_envelope, Complete the 
ADR-002 envelope on the outbox table.
INFO  [alembic.runtime.migration] Running upgrade 0003_outbox_envelope -> 0004_outbox_lease, Lease and 
dead-letter columns for the outbox relay.
INFO  [alembic.runtime.migration] Running upgrade 0004_outbox_lease -> 0005_outbox_aggregate_type, Store the 
aggregate type on the outbox.
INFO  [alembic.runtime.migration] Running upgrade 0005_outbox_aggregate_type -> 0006_processed_event, The 
consumer idempotency ledger.
INFO  [alembic.runtime.migration] Running upgrade 0006_processed_event -> 0007_credential, The encrypted 
broker credential store.
INFO  [alembic.runtime.migration] Running upgrade 0007_credential -> 0008_audit_log, The append-only audit 
log, with mutation refused by the database.
INFO  [alembic.runtime.migration] Running upgrade 0008_audit_log -> 0009_refresh_token, Refresh tokens, stored 
as hashes and rotated on every use.
INFO  [alembic.runtime.migration] Running upgrade 0009_refresh_token -> 0010_principal, The authenticating 
principal: who logs in, and what proves it.
INFO  [alembic.runtime.migration] Running upgrade 0010_principal -> 0011_authorisation, Roles, the permissions 
they grant, and which principal holds which (ADR-073).
INFO  [alembic.runtime.migration] Running upgrade 0011_authorisation -> 0012_rls_scaffolding, Complete the 
permissive row-level-security scaffolding.
INFO  [alembic.runtime.migration] Running upgrade 0012_rls_scaffolding -> 0013_reference_watchlist, Add 
effective-dated instruments and the shared watchlist.
INFO  [alembic.runtime.migration] Running upgrade 0013_reference_watchlist -> 0014_instrument_archive, Archive 
daily instrument masters and resolved provider mappings.
INFO  [alembic.runtime.migration] Running upgrade 0014_instrument_archive -> 0015_daily_market_bars, Add 
point-in-time daily OHLCV revisions.
tests/benchmarks/test_persistence_layers.py::test_database_query_latency_is_within_budget database query p95: 1.021 ms
PASSED
tests/benchmarks/test_persistence_layers.py::test_end_to_end_repository_read_is_within_budget end-to-end read p95: 2.429 ms
PASSED
tests/benchmarks/test_persistence_layers.py::test_end_to_end_repository_write_is_within_budget end-to-end write p95: 4.501 ms
PASSED
tests/benchmarks/test_persistence_layers.py::test_bulk_timeseries_append_is_within_budget bulk append 10000 rows: 69.9 ms
PASSED
tests/benchmarks/test_primitives.py::test_money_addition_is_within_budget FAILED
tests/benchmarks/test_primitives.py::test_money_scaling_is_within_budget FAILED
tests/benchmarks/test_primitives.py::test_money_construction_is_within_budget XFAIL
tests/benchmarks/test_primitives.py::test_notional_is_within_budget PASSED
tests/benchmarks/test_primitives.py::test_rate_application_is_within_budget PASSED
tests/benchmarks/test_primitives.py::test_allocation_is_within_budget PASSED
tests/benchmarks/test_primitives.py::test_parsing_is_within_budget PASSED
tests/benchmarks/test_primitives.py::test_trading_day_comparison_is_within_budget PASSED
tests/benchmarks/test_primitives.py::test_clock_read_is_within_budget PASSED
tests/benchmarks/test_primitives.py::test_frozen_clock_read_is_within_budget PASSED
tests/benchmarks/test_primitives.py::test_a_million_money_additions_is_within_budget XFAIL
tests/benchmarks/test_primitives.py::test_money_instances_are_small_enough_to_hold_a_million PASSED
tests/benchmarks/test_primitives.py::test_identifier_creation_is_not_a_bottleneck PASSED
tests/benchmarks/test_primitives.py::test_date_range_iteration_is_not_a_bottleneck PASSED

================================== FAILURES ===================================
____________________ test_money_addition_is_within_budget _____________________

    @requires_stable_timing
    def test_money_addition_is_within_budget() -> None:
        """The single hottest operation in any backtest."""
        a, b = Money.parse("1234.56"), Money.parse("78.90")
    
        measured = _per_call_us(lambda: a + b)
    
>       assert measured < BUDGET_MONEY_ADD_US, f"money add {measured:.3f}us"
E       AssertionError: money add 0.572us
E       assert 0.5720499902963638 < 0.5

tests\benchmarks\test_primitives.py:94: AssertionError
_____________________ test_money_scaling_is_within_budget _____________________

    @requires_stable_timing
    def test_money_scaling_is_within_budget() -> None:
        """Exact, so no rounding work is involved."""
        a = Money.parse("1234.56")
    
        measured = _per_call_us(lambda: a * 7)
    
>       assert measured < BUDGET_MONEY_MUL_US, f"money mul {measured:.3f}us"
E       AssertionError: money mul 0.589us
E       assert 0.5885999416932464 < 0.5

tests\benchmarks\test_primitives.py:104: AssertionError
=========================== short test summary info ===========================
XFAIL tests/benchmarks/test_primitives.py::test_money_construction_is_within_budget - TD-13: 0.374us measured against a 0.30us budget on Python 3.10. Recorded rather than dropped (ADR-036); trigger for closure is re-measurement on the canonical 3.12 environment. xfail_strict is on, so this turns into a failure the day it passes -- which is the reminder to close the debt.
XFAIL tests/benchmarks/test_primitives.py::test_a_million_money_additions_is_within_budget - TD-14: measured 0.525-0.614s against a 0.50s budget on Python 3.10, straddling the threshold depending on machine load. A 10 percent margin is not resolvable on a contended 2-vCPU sandbox, so this is marked non-strict deliberately: strict would flip between a false red and a false green and teach the author to ignore it. Resolve by measuring on the canonical environment, where the margin is meaningful.
FAILED tests/benchmarks/test_primitives.py::test_money_addition_is_within_budget
FAILED tests/benchmarks/test_primitives.py::test_money_scaling_is_within_budget
========== 2 failed, 25 passed, 2051 deselected, 2 xfailed in 8.39s ===========
exit_code: 1
