uv : INFO  [alembic.runtime.migration] Context impl PostgresqlImpl.
At C:\Users\dhruv\Projects\DHRUVA\scripts\canonical_validation.ps1:385 char:48
+ ... d '34-migration-current'   { uv run alembic current --verbose } | Out ...
+                                  ~~~~~~~~~~~~~~~~~~~~~~~~~~~~~~~~
    + CategoryInfo          : NotSpecified: (INFO  [alembic....PostgresqlImpl.:String) [], RemoteException
    + FullyQualifiedErrorId : NativeCommandError
 
INFO  [alembic.runtime.migration] Will assume transactional DDL.
Current revision(s) for postgresql+asyncpg://dhruva_test:***@localhost:55432/dhruva_test:
Rev: 0001_initial (head)
Parent: <base>
Path: C:\Users\dhruv\Projects\DHRUVA\backend\alembic\versions\20260726_0000_initial_schema.py

    Initial schema: the worked example table and the transactional outbox.
    
    Revision ID: 0001_initial
    Revises:
    Created: 2026-07-26
    
    Reversibility: reversible
    Rollback procedure: `alembic downgrade base` drops both tables. No data
        migration is involved, so the downgrade is complete -- it destroys the rows
        along with the tables, which is expected for an initial schema and is stated
        here rather than assumed.
    Irreversible operations: none
    Expected runtime: sub-second on any data volume; both tables are created empty.
    Operational impact: no locks on existing objects, since nothing exists yet. Safe
        to run at any time, including during market hours.

exit_code: 0
