uv : Traceback (most recent call last):
At C:\Users\dhruv\Projects\DHRUVA\scripts\canonical_validation.ps1:258 char:55
+ ... Invoke-Captured '03-database-versions' { uv run python $probeScript }
+                                              ~~~~~~~~~~~~~~~~~~~~~~~~~~
    + CategoryInfo          : NotSpecified: (Traceback (most recent call last)::String) [], RemoteException
    + FullyQualifiedErrorId : NativeCommandError
 
  File "C:\Users\dhruv\Projects\DHRUVA\docs\evidence\s04-20260728T113604Z\03-database-versions.py", line 34, in <module>
    sys.exit(asyncio.run(main()))
             ^^^^^^^^^^^^^^^^^^^
  File "C:\Users\dhruv\AppData\Roaming\uv\python\cpython-3.12-windows-x86_64-none\Lib\asyncio\runners.py", line 195, in run
    return runner.run(main)
           ^^^^^^^^^^^^^^^^
  File "C:\Users\dhruv\AppData\Roaming\uv\python\cpython-3.12-windows-x86_64-none\Lib\asyncio\runners.py", line 118, in run
    return self._loop.run_until_complete(task)
           ^^^^^^^^^^^^^^^^^^^^^^^^^^^^^^^^^^^
  File "C:\Users\dhruv\AppData\Roaming\uv\python\cpython-3.12-windows-x86_64-none\Lib\asyncio\base_events.py", line 691, in 
run_until_complete
    return future.result()
           ^^^^^^^^^^^^^^^
  File "C:\Users\dhruv\Projects\DHRUVA\docs\evidence\s04-20260728T113604Z\03-database-versions.py", line 14, in main
    connection = await asyncpg.connect(url)
                 ^^^^^^^^^^^^^^^^^^^^^^^^^^
  File "C:\Users\dhruv\Projects\DHRUVA\backend\.venv\Lib\site-packages\asyncpg\connection.py", line 2421, in connect
    return await connect_utils._connect(
           ^^^^^^^^^^^^^^^^^^^^^^^^^^^^^
  File "C:\Users\dhruv\Projects\DHRUVA\backend\.venv\Lib\site-packages\asyncpg\connect_utils.py", line 1075, in _connect
    raise last_error or exceptions.TargetServerAttributeNotMatched(
  File "C:\Users\dhruv\Projects\DHRUVA\backend\.venv\Lib\site-packages\asyncpg\connect_utils.py", line 1049, in _connect
    conn = await _connect_addr(
           ^^^^^^^^^^^^^^^^^^^^
  File "C:\Users\dhruv\Projects\DHRUVA\backend\.venv\Lib\site-packages\asyncpg\connect_utils.py", line 886, in _connect_addr
    return await __connect_addr(params, True, *args)
           ^^^^^^^^^^^^^^^^^^^^^^^^^^^^^^^^^^^^^^^^^
  File "C:\Users\dhruv\Projects\DHRUVA\backend\.venv\Lib\site-packages\asyncpg\connect_utils.py", line 931, in __connect_addr
    tr, pr = await connector
             ^^^^^^^^^^^^^^^
  File "C:\Users\dhruv\Projects\DHRUVA\backend\.venv\Lib\site-packages\asyncpg\connect_utils.py", line 802, in _create_ssl_connection
    tr, pr = await loop.create_connection(
             ^^^^^^^^^^^^^^^^^^^^^^^^^^^^^
  File "C:\Users\dhruv\AppData\Roaming\uv\python\cpython-3.12-windows-x86_64-none\Lib\asyncio\base_events.py", line 1137, in 
create_connection
    raise exceptions[0]
  File "C:\Users\dhruv\AppData\Roaming\uv\python\cpython-3.12-windows-x86_64-none\Lib\asyncio\base_events.py", line 1107, in 
create_connection
    sock = await self._connect_sock(
           ^^^^^^^^^^^^^^^^^^^^^^^^^
  File "C:\Users\dhruv\AppData\Roaming\uv\python\cpython-3.12-windows-x86_64-none\Lib\asyncio\base_events.py", line 1010, in 
_connect_sock
    await self.sock_connect(sock, address)
  File "C:\Users\dhruv\AppData\Roaming\uv\python\cpython-3.12-windows-x86_64-none\Lib\asyncio\proactor_events.py", line 729, in 
sock_connect
    return await self._proactor.connect(sock, address)
           ^^^^^^^^^^^^^^^^^^^^^^^^^^^^^^^^^^^^^^^^^^^
  File "C:\Users\dhruv\AppData\Roaming\uv\python\cpython-3.12-windows-x86_64-none\Lib\asyncio\windows_events.py", line 803, in _poll
    value = callback(transferred, key, ov)
            ^^^^^^^^^^^^^^^^^^^^^^^^^^^^^^
  File "C:\Users\dhruv\AppData\Roaming\uv\python\cpython-3.12-windows-x86_64-none\Lib\asyncio\windows_events.py", line 599, in 
finish_connect
    ov.getresult()
ConnectionRefusedError: [WinError 1225] The remote computer refused the network connection
exit_code: 1
